.\mvnw.cmd : WARNING: A terminally deprecated method in sun.misc.Unsafe has 
been called
At line:1 char:1
+ .\mvnw.cmd clean install -DskipTests 2>&1 | tee build_output.txt
+ ~~~~~~~~~~~~~~~~~~~~~~~~~~~~~~~~~~~~~~~~~
    + CategoryInfo          : NotSpecified: (WARNING: A term...has been called 
   :String) [], RemoteException
    + FullyQualifiedErrorId : NativeCommandError
 
WARNING: sun.misc.Unsafe::staticFieldBase has been called by 
com.google.inject.internal.aop.HiddenClassDefiner (file:/C:/Users/abhic/.m2/wra
pper/dists/apache-maven-3.9.11/03d7e36a140982eea48e22c1dcac01d8862b2550b2939e09
a0809bbc5182a5bc/lib/guice-5.1.0-classes.jar)
WARNING: Please consider reporting this to the maintainers of class 
com.google.inject.internal.aop.HiddenClassDefiner
WARNING: sun.misc.Unsafe::staticFieldBase will be removed in a future release
[INFO] Scanning for projects...
[INFO] 
[INFO] -----------------------< com.quickbite:backend >------------------------
[INFO] Building QuickBite Backend 0.0.1-SNAPSHOT
[INFO]   from pom.xml
[INFO] --------------------------------[ jar ]---------------------------------
[WARNING] The artifact mysql:mysql-connector-java:jar:8.0.33 has been relocated to com.mysql:mysql-connector-j:jar:8.0.33: MySQL Connector/J artifacts moved to reverse-DNS compliant Maven 2+ coordinates.
[INFO] 
[INFO] --- clean:3.3.2:clean (default-clean) @ backend ---
[INFO] Deleting D:\QuickBites\backend\target
[INFO] 
[INFO] --- resources:3.3.1:resources (default-resources) @ backend ---
[INFO] Copying 3 resources from src\main\resources to target\classes
[INFO] Copying 0 resource from src\main\resources to target\classes
[INFO] 
[INFO] --- compiler:3.11.0:compile (default-compile) @ backend ---
[INFO] Changes detected - recompiling the module! :source
[INFO] Compiling 59 source files with javac [debug release 21] to target\classes
[INFO] /D:/QuickBites/backend/src/main/java/com/quickbite/service/PaymentService.java: D:\QuickBites\backend\src\main\java\com\quickbite\service\PaymentService.java uses or overrides a deprecated API.
[INFO] /D:/QuickBites/backend/src/main/java/com/quickbite/service/PaymentService.java: Recompile with -Xlint:deprecation for details.
[INFO] 
[INFO] --- resources:3.3.1:testResources (default-testResources) @ backend ---
[INFO] skip non existing resourceDirectory D:\QuickBites\backend\src\test\resources
[INFO] 
[INFO] --- compiler:3.11.0:testCompile (default-testCompile) @ backend ---
[INFO] No sources to compile
[INFO] 
[INFO] --- surefire:3.1.2:test (default-test) @ backend ---
[INFO] Tests are skipped.
[INFO] 
[INFO] --- jar:3.3.0:jar (default-jar) @ backend ---
[INFO] Building jar: D:\QuickBites\backend\target\backend-0.0.1-SNAPSHOT.jar
[INFO] 
[INFO] --- spring-boot:3.2.2:repackage (repackage) @ backend ---
[INFO] Replacing main artifact D:\QuickBites\backend\target\backend-0.0.1-SNAPSHOT.jar with repackaged archive, adding nested dependencies in BOOT-INF/.
[INFO] The original artifact has been renamed to D:\QuickBites\backend\target\backend-0.0.1-SNAPSHOT.jar.original
[INFO] 
[INFO] --- install:3.1.1:install (default-install) @ backend ---
[INFO] Installing D:\QuickBites\backend\pom.xml to C:\Users\abhic\.m2\repository\com\quickbite\backend\0.0.1-SNAPSHOT\backend-0.0.1-SNAPSHOT.pom
[INFO] Installing D:\QuickBites\backend\target\backend-0.0.1-SNAPSHOT.jar to C:\Users\abhic\.m2\repository\com\quickbite\backend\0.0.1-SNAPSHOT\backend-0.0.1-SNAPSHOT.jar
[INFO] ------------------------------------------------------------------------
[INFO] BUILD SUCCESS
[INFO] ------------------------------------------------------------------------
[INFO] Total time:  4.462 s
[INFO] Finished at: 2026-02-05T22:36:22+05:30
[INFO] ------------------------------------------------------------------------
